
> ftik-fest-2026@1.0.0 build
> next build

   Ôû▓ Next.js 15.5.12

   Creating an optimized production build ...
 Ô£ô Compiled successfully in 2.6s
   Linting and checking validity of types ...
   Collecting page data ...
   Generating static pages (0/5) ...
   Generating static pages (1/5) 
   Generating static pages (2/5) 
   Generating static pages (3/5) 
 Ô£ô Generating static pages (5/5)
   Finalizing page optimization ...
   Collecting build traces ...

Route (app)                                 Size  First Load JS
Ôöî Ôùï /                                    9.61 kB         117 kB
Ôö£ Ôùï /_not-found                            123 B         102 kB
Ôöö Ôùï /glory-cup/register                  4.53 kB         112 kB
+ First Load JS shared by all             102 kB
  Ôö£ chunks/255-ebd51be49873d76c.js         46 kB
  Ôö£ chunks/4bd1b696-c023c6e3521b1417.js  54.2 kB
  Ôöö other shared chunks (total)          1.99 kB


Ôùï  (Static)  prerendered as static content

